// Jest Snapshot v1, https://goo.gl/fbAQLP

exports[`<Loader /> should not crash 1`] = `
<div
  className="sc-ktHwxA hJaenW"
>
  <div
    className="centered"
  >
    <div
      className="sc-caSCKo iTAIML"
    >
      <div />
    </div>
  </div>
</div>
`;
